[backblue.gif]
[fade.gif]
[index.html]
[elperuano.pe/static/img/icon.png]
[elperuano.pe/static/css/materialize.css]
[elperuano.pe/static/css/allbfa8.css]
[elperuano.pe/static/css/style9054.css]
[www.google-analytics.com/analytics.js]
[elperuano.pe/index.html]
[elperuano.pe/static/css/materialize.css]
[elperuano.pe/static/webfonts/fa-brands-400.eot]
[elperuano.pe/static/webfonts/fa-brands-400d41d.eot]
[elperuano.pe/static/webfonts/fa-brands-400.woff2]
[elperuano.pe/static/webfonts/fa-brands-400.woff]
[elperuano.pe/static/webfonts/fa-brands-400.ttf]
[elperuano.pe/static/webfonts/fa-regular-400.eot]
[elperuano.pe/static/webfonts/fa-regular-400d41d.eot]
[elperuano.pe/static/webfonts/fa-regular-400.woff2]
[elperuano.pe/static/webfonts/fa-regular-400.woff]
[elperuano.pe/static/webfonts/fa-regular-400.ttf]
[elperuano.pe/static/webfonts/fa-solid-900.eot]
[elperuano.pe/static/webfonts/fa-solid-900d41d.eot]
[elperuano.pe/static/webfonts/fa-solid-900.woff2]
[elperuano.pe/static/webfonts/fa-solid-900.woff]
[elperuano.pe/static/webfonts/fa-solid-900.ttf]
[elperuano.pe/static/css/allbfa8.css]
[elperuano.pe/static/img/elperuano_blanco_logo.svg]
[elperuano.pe/static/fonts/IBMPlexSerif-Thin.ttf]
[elperuano.pe/static/fonts/IBMPlexSerif-ThinItalic.ttf]
[elperuano.pe/static/fonts/IBMPlexSerif-ExtraLight.ttf]
[elperuano.pe/static/fonts/IBMPlexSerif-ExtraLightItalic.ttf]
[elperuano.pe/static/fonts/IBMPlexSerif-Light.ttf]
[elperuano.pe/static/fonts/IBMPlexSerif-LightItalic.ttf]
[elperuano.pe/static/fonts/IBMPlexSerif-Regular.ttf]
[elperuano.pe/static/fonts/IBMPlexSerif-Medium.ttf]
[elperuano.pe/static/fonts/IBMPlexSerif-MediumItalic.ttf]
[elperuano.pe/static/fonts/IBMPlexSerif-SemiBold.ttf]
[elperuano.pe/static/fonts/IBMPlexSerif-SemiBoldItalic.ttf]
[elperuano.pe/static/fonts/IBMPlexSerif-Bold.ttf]
[elperuano.pe/static/fonts/IBMPlexSerif-BoldItalic.ttf]
[elperuano.pe/static/css/style9054.css]
[www.googletagmanager.com/gtm5445.html]
[securepubads.g.doubleclick.net/tag/js/gpt.js]
[elperuano.pe/static/webfonts/fa-brands-400.svg]
[elperuano.pe/static/webfonts/fa-regular-400.svg]
[elperuano.pe/static/webfonts/fa-solid-900.svg]
[elperuano.pe/static/img/elperuano_blanco_logo.svg]
